{
  "inlineStyle": false,
  "plugins": [],
  "targets": ["web"],
  "miniapp": {
    "buildType": "runtime"
  }
}
