// Jest Snapshot v1, https://goo.gl/fbAQLP

exports[`Schema Ut props 1`] = `
Object {
  "props": Object {
    "mobileSlot": Object {
      "name": undefined,
      "params": undefined,
      "title": undefined,
      "type": "JSSlot",
      "value": Array [
        Object {
          "loop": Object {
            "mock": undefined,
            "type": "JSExpression",
            "value": "props.content",
          },
        },
      ],
    },
  },
}
`;
