// Jest Snapshot v1, https://goo.gl/fbAQLP

exports[`Switch rtl render component should be rendered correctly in RTL direction 1`] = `
<button
  aria-checked="false"
  class="ant-switch-rtl ant-switch"
  role="switch"
  type="button"
>
  <span
    class="ant-switch-inner"
  />
</button>
`;

exports[`Switch should has click wave effect 1`] = `
<button
  ant-click-animating="true"
  aria-checked="false"
  class="ant-switch"
  role="switch"
  type="button"
>
  <span
    class="ant-switch-inner"
  />
  <div
    class="ant-click-animating-node"
    style="border-color: buttonface;"
  />
</button>
`;
