{
  "compilerOptions": {
    "baseUrl": ".",
    "jsx": "react",
    "paths": {
      "@/*": ["./src/*"],
      "rax-app": [".rax/index.ts"]
    }
  }
}
