// Jest Snapshot v1, https://goo.gl/fbAQLP

exports[`Descriptions Descriptions support colon 1`] = `
<div
  class="ant-descriptions"
>
  <div
    class="ant-descriptions-view"
  >
    <table>
      <tbody>
        <tr
          class="ant-descriptions-row"
        >
          <td
            class="ant-descriptions-item"
            colspan="1"
          >
            <span
              class="ant-descriptions-item-label"
            >
              Product
            </span>
            <span
              class="ant-descriptions-item-content"
            >
              Cloud Database
            </span>
          </td>
        </tr>
      </tbody>
    </table>
  </div>
</div>
`;

exports[`Descriptions Descriptions support style 1`] = `
<div
  class="ant-descriptions"
  style="background-color: rgb(232, 232, 232);"
>
  <div
    class="ant-descriptions-view"
  >
    <table>
      <tbody>
        <tr
          class="ant-descriptions-row"
        >
          <td
            class="ant-descriptions-item"
            colspan="1"
          >
            <span
              class="ant-descriptions-item-content"
            >
              Cloud Database
            </span>
          </td>
        </tr>
      </tbody>
    </table>
  </div>
</div>
`;

exports[`Descriptions Descriptions.Item support className 1`] = `
<div
  class="ant-descriptions"
>
  <div
    class="ant-descriptions-view"
  >
    <table>
      <tbody>
        <tr
          class="ant-descriptions-row"
        >
          <td
            class="ant-descriptions-item my-class"
            colspan="1"
          >
            <span
              class="ant-descriptions-item-label ant-descriptions-item-colon"
            >
              Product
            </span>
            <span
              class="ant-descriptions-item-content"
            >
              Cloud Database
            </span>
          </td>
        </tr>
      </tbody>
    </table>
  </div>
</div>
`;

exports[`Descriptions column is number 1`] = `
<div
  class="ant-descriptions"
>
  <div
    class="ant-descriptions-view"
  >
    <table>
      <tbody>
        <tr
          class="ant-descriptions-row"
        >
          <td
            class="ant-descriptions-item"
            colspan="1"
          >
            <span
              class="ant-descriptions-item-label ant-descriptions-item-colon"
            >
              Product
            </span>
            <span
              class="ant-descriptions-item-content"
            >
              Cloud Database
            </span>
          </td>
          <td
            class="ant-descriptions-item"
            colspan="1"
          >
            <span
              class="ant-descriptions-item-label ant-descriptions-item-colon"
            >
              Billing
            </span>
            <span
              class="ant-descriptions-item-content"
            >
              Prepaid
            </span>
          </td>
          <td
            class="ant-descriptions-item"
            colspan="1"
          >
            <span
              class="ant-descriptions-item-label ant-descriptions-item-colon"
            >
              time
            </span>
            <span
              class="ant-descriptions-item-content"
            >
              18:00:00
            </span>
          </td>
        </tr>
        <tr
          class="ant-descriptions-row"
        >
          <td
            class="ant-descriptions-item"
            colspan="3"
          >
            <span
              class="ant-descriptions-item-label ant-descriptions-item-colon"
            >
              Amount
            </span>
            <span
              class="ant-descriptions-item-content"
            >
              $80.00
            </span>
          </td>
        </tr>
      </tbody>
    </table>
  </div>
</div>
`;

exports[`Descriptions should work with React Fragment 1`] = `
<div
  class="ant-descriptions"
>
  <div
    class="ant-descriptions-view"
  >
    <table>
      <tbody>
        <tr
          class="ant-descriptions-row"
        >
          <td
            class="ant-descriptions-item"
            colspan="1"
          >
            <span
              class="ant-descriptions-item-label ant-descriptions-item-colon"
            >
              bamboo
            </span>
            <span
              class="ant-descriptions-item-content"
            >
              bamboo
            </span>
          </td>
        </tr>
        <tr
          class="ant-descriptions-row"
        >
          <td
            class="ant-descriptions-item"
            colspan="1"
          >
            <span
              class="ant-descriptions-item-label ant-descriptions-item-colon"
            >
              bamboo
            </span>
            <span
              class="ant-descriptions-item-content"
            >
              bamboo
            </span>
          </td>
        </tr>
        <tr
          class="ant-descriptions-row"
        >
          <td
            class="ant-descriptions-item"
            colspan="1"
          >
            <span
              class="ant-descriptions-item-label ant-descriptions-item-colon"
            >
              bamboo
            </span>
            <span
              class="ant-descriptions-item-content"
            >
              bamboo
            </span>
          </td>
        </tr>
      </tbody>
    </table>
  </div>
</div>
`;

exports[`Descriptions vertical layout 1`] = `
<div
  class="ant-descriptions"
>
  <div
    class="ant-descriptions-view"
  >
    <table>
      <tbody>
        <tr
          class="ant-descriptions-row"
        >
          <th
            class="ant-descriptions-item"
            colspan="1"
          >
            <span
              class="ant-descriptions-item-label ant-descriptions-item-colon"
            >
              Product
            </span>
          </th>
        </tr>
        <tr
          class="ant-descriptions-row"
        >
          <td
            class="ant-descriptions-item"
            colspan="1"
          >
            <span
              class="ant-descriptions-item-content"
            >
              Cloud Database
            </span>
          </td>
        </tr>
        <tr
          class="ant-descriptions-row"
        >
          <th
            class="ant-descriptions-item"
            colspan="1"
          >
            <span
              class="ant-descriptions-item-label ant-descriptions-item-colon"
            >
              Billing
            </span>
          </th>
        </tr>
        <tr
          class="ant-descriptions-row"
        >
          <td
            class="ant-descriptions-item"
            colspan="1"
          >
            <span
              class="ant-descriptions-item-content"
            >
              Prepaid
            </span>
          </td>
        </tr>
        <tr
          class="ant-descriptions-row"
        >
          <th
            class="ant-descriptions-item"
            colspan="1"
          >
            <span
              class="ant-descriptions-item-label ant-descriptions-item-colon"
            >
              time
            </span>
          </th>
        </tr>
        <tr
          class="ant-descriptions-row"
        >
          <td
            class="ant-descriptions-item"
            colspan="1"
          >
            <span
              class="ant-descriptions-item-content"
            >
              18:00:00
            </span>
          </td>
        </tr>
        <tr
          class="ant-descriptions-row"
        >
          <th
            class="ant-descriptions-item"
            colspan="1"
          >
            <span
              class="ant-descriptions-item-label ant-descriptions-item-colon"
            >
              Amount
            </span>
          </th>
        </tr>
        <tr
          class="ant-descriptions-row"
        >
          <td
            class="ant-descriptions-item"
            colspan="1"
          >
            <span
              class="ant-descriptions-item-content"
            >
              $80.00
            </span>
          </td>
        </tr>
      </tbody>
    </table>
  </div>
</div>
`;

exports[`Descriptions when item is rendered conditionally 1`] = `
<div
  class="ant-descriptions"
>
  <div
    class="ant-descriptions-view"
  >
    <table>
      <tbody>
        <tr
          class="ant-descriptions-row"
        >
          <td
            class="ant-descriptions-item"
            colspan="1"
          >
            <span
              class="ant-descriptions-item-label ant-descriptions-item-colon"
            >
              Product
            </span>
            <span
              class="ant-descriptions-item-content"
            >
              Cloud Database
            </span>
          </td>
        </tr>
        <tr
          class="ant-descriptions-row"
        >
          <td
            class="ant-descriptions-item"
            colspan="1"
          >
            <span
              class="ant-descriptions-item-label ant-descriptions-item-colon"
            >
              Billing
            </span>
            <span
              class="ant-descriptions-item-content"
            >
              Prepaid
            </span>
          </td>
        </tr>
        <tr
          class="ant-descriptions-row"
        >
          <td
            class="ant-descriptions-item"
            colspan="1"
          >
            <span
              class="ant-descriptions-item-label ant-descriptions-item-colon"
            >
              time
            </span>
            <span
              class="ant-descriptions-item-content"
            >
              18:00:00
            </span>
          </td>
        </tr>
        <tr
          class="ant-descriptions-row"
        >
          <td
            class="ant-descriptions-item"
            colspan="1"
          >
            <span
              class="ant-descriptions-item-label ant-descriptions-item-colon"
            >
              Amount
            </span>
            <span
              class="ant-descriptions-item-content"
            >
              $80.00
            </span>
          </td>
        </tr>
      </tbody>
    </table>
  </div>
</div>
`;
