{
  "routes": [
    {
      "path": "",
      "source": "pages/Example/index"
    }
  ],
  "window": {
    "title": "example"
  }
}
