// Jest Snapshot v1, https://goo.gl/fbAQLP

exports[`List.pagination renders pagination correctly 1`] = `
<div
  class="ant-list ant-list-vertical ant-list-split ant-list-something-after-last-item"
>
  <div
    class="ant-spin-nested-loading"
  >
    <div
      class="ant-spin-container"
    >
      <ul
        class="ant-list-items"
      >
        <li
          class="ant-list-item ant-list-item-no-flex"
        >
          Jack
        </li>
        <li
          class="ant-list-item ant-list-item-no-flex"
        >
          Lucy
        </li>
      </ul>
    </div>
  </div>
  <div
    class="ant-list-pagination"
  >
    <ul
      class="ant-pagination my-page"
      unselectable="unselectable"
    >
      <li
        aria-disabled="true"
        class="ant-pagination-prev ant-pagination-disabled"
        title="Previous Page"
      >
        <a
          class="ant-pagination-item-link"
          disabled=""
        >
          <span
            aria-label="left"
            class="anticon anticon-left"
            role="img"
          >
            <svg
              aria-hidden="true"
              class=""
              data-icon="left"
              fill="currentColor"
              focusable="false"
              height="1em"
              viewBox="64 64 896 896"
              width="1em"
            >
              <path
                d="M724 218.3V141c0-6.7-7.7-10.4-12.9-6.3L260.3 486.8a31.86 31.86 0 000 50.3l450.8 352.1c5.3 4.1 12.9.4 12.9-6.3v-77.3c0-4.9-2.3-9.6-6.1-12.6l-360-281 360-281.1c3.8-3 6.1-7.7 6.1-12.6z"
              />
            </svg>
          </span>
        </a>
      </li>
      <li
        class="ant-pagination-item ant-pagination-item-1 ant-pagination-item-active"
        tabindex="0"
        title="1"
      >
        <a>
          1
        </a>
      </li>
      <li
        class="ant-pagination-item ant-pagination-item-2"
        tabindex="0"
        title="2"
      >
        <a>
          2
        </a>
      </li>
      <li
        aria-disabled="false"
        class="ant-pagination-next"
        tabindex="0"
        title="Next Page"
      >
        <a
          class="ant-pagination-item-link"
        >
          <span
            aria-label="right"
            class="anticon anticon-right"
            role="img"
          >
            <svg
              aria-hidden="true"
              class=""
              data-icon="right"
              fill="currentColor"
              focusable="false"
              height="1em"
              viewBox="64 64 896 896"
              width="1em"
            >
              <path
                d="M765.7 486.8L314.9 134.7A7.97 7.97 0 00302 141v77.3c0 4.9 2.3 9.6 6.1 12.6l360 281.1-360 281.1c-3.9 3-6.1 7.7-6.1 12.6V883c0 6.7 7.7 10.4 12.9 6.3l450.8-352.1a31.96 31.96 0 000-50.4z"
              />
            </svg>
          </span>
        </a>
      </li>
    </ul>
  </div>
</div>
`;

exports[`List.pagination should change page size work 1`] = `
<ul
  class="ant-pagination"
  unselectable="unselectable"
>
  <li
    aria-disabled="true"
    class="ant-pagination-prev ant-pagination-disabled"
    title="Previous Page"
  >
    <a
      class="ant-pagination-item-link"
      disabled=""
    >
      <span
        aria-label="left"
        class="anticon anticon-left"
        role="img"
      >
        <svg
          aria-hidden="true"
          class=""
          data-icon="left"
          fill="currentColor"
          focusable="false"
          height="1em"
          viewBox="64 64 896 896"
          width="1em"
        >
          <path
            d="M724 218.3V141c0-6.7-7.7-10.4-12.9-6.3L260.3 486.8a31.86 31.86 0 000 50.3l450.8 352.1c5.3 4.1 12.9.4 12.9-6.3v-77.3c0-4.9-2.3-9.6-6.1-12.6l-360-281 360-281.1c3.8-3 6.1-7.7 6.1-12.6z"
          />
        </svg>
      </span>
    </a>
  </li>
  <li
    class="ant-pagination-item ant-pagination-item-1 ant-pagination-item-active"
    tabindex="0"
    title="1"
  >
    <a>
      1
    </a>
  </li>
  <li
    aria-disabled="true"
    class="ant-pagination-next ant-pagination-disabled"
    title="Next Page"
  >
    <a
      class="ant-pagination-item-link"
      disabled=""
    >
      <span
        aria-label="right"
        class="anticon anticon-right"
        role="img"
      >
        <svg
          aria-hidden="true"
          class=""
          data-icon="right"
          fill="currentColor"
          focusable="false"
          height="1em"
          viewBox="64 64 896 896"
          width="1em"
        >
          <path
            d="M765.7 486.8L314.9 134.7A7.97 7.97 0 00302 141v77.3c0 4.9 2.3 9.6 6.1 12.6l360 281.1-360 281.1c-3.9 3-6.1 7.7-6.1 12.6V883c0 6.7 7.7 10.4 12.9 6.3l450.8-352.1a31.96 31.96 0 000-50.4z"
          />
        </svg>
      </span>
    </a>
  </li>
  <li
    class="ant-pagination-options"
  >
    <div
      class="ant-select ant-pagination-options-size-changer ant-select-single ant-select-show-arrow"
    >
      <div
        class="ant-select-selector"
      >
        <span
          class="ant-select-selection-search"
        >
          <input
            aria-activedescendant="rc_select_TEST_OR_SSR_list_0"
            aria-autocomplete="list"
            aria-controls="rc_select_TEST_OR_SSR_list"
            aria-haspopup="listbox"
            aria-owns="rc_select_TEST_OR_SSR_list"
            autocomplete="off"
            class="ant-select-selection-search-input"
            id="rc_select_TEST_OR_SSR"
            readonly=""
            role="combobox"
            style="opacity: 0;"
            value=""
          />
        </span>
        <span
          class="ant-select-selection-item"
        >
          10 / page
        </span>
      </div>
      <span
        aria-hidden="true"
        class="ant-select-arrow"
        style="user-select: none;"
        unselectable="on"
      >
        <span
          aria-label="down"
          class="anticon anticon-down"
          role="img"
        >
          <svg
            aria-hidden="true"
            class=""
            data-icon="down"
            fill="currentColor"
            focusable="false"
            height="1em"
            viewBox="64 64 896 896"
            width="1em"
          >
            <path
              d="M884 256h-75c-5.1 0-9.9 2.5-12.9 6.6L512 654.2 227.9 262.6c-3-4.1-7.8-6.6-12.9-6.6h-75c-6.5 0-10.3 7.4-6.5 12.7l352.6 486.1c12.8 17.6 39 17.6 51.7 0l352.6-486.1c3.9-5.3.1-12.7-6.4-12.7z"
            />
          </svg>
        </span>
      </span>
    </div>
  </li>
</ul>
`;

exports[`List.pagination should change page size work 2`] = `
<ul
  class="ant-pagination"
  unselectable="unselectable"
>
  <li
    aria-disabled="true"
    class="ant-pagination-prev ant-pagination-disabled"
    title="Previous Page"
  >
    <a
      class="ant-pagination-item-link"
      disabled=""
    >
      <span
        aria-label="left"
        class="anticon anticon-left"
        role="img"
      >
        <svg
          aria-hidden="true"
          class=""
          data-icon="left"
          fill="currentColor"
          focusable="false"
          height="1em"
          viewBox="64 64 896 896"
          width="1em"
        >
          <path
            d="M724 218.3V141c0-6.7-7.7-10.4-12.9-6.3L260.3 486.8a31.86 31.86 0 000 50.3l450.8 352.1c5.3 4.1 12.9.4 12.9-6.3v-77.3c0-4.9-2.3-9.6-6.1-12.6l-360-281 360-281.1c3.8-3 6.1-7.7 6.1-12.6z"
          />
        </svg>
      </span>
    </a>
  </li>
  <li
    class="ant-pagination-item ant-pagination-item-1 ant-pagination-item-active"
    tabindex="0"
    title="1"
  >
    <a>
      1
    </a>
  </li>
  <li
    aria-disabled="true"
    class="ant-pagination-next ant-pagination-disabled"
    title="Next Page"
  >
    <a
      class="ant-pagination-item-link"
      disabled=""
    >
      <span
        aria-label="right"
        class="anticon anticon-right"
        role="img"
      >
        <svg
          aria-hidden="true"
          class=""
          data-icon="right"
          fill="currentColor"
          focusable="false"
          height="1em"
          viewBox="64 64 896 896"
          width="1em"
        >
          <path
            d="M765.7 486.8L314.9 134.7A7.97 7.97 0 00302 141v77.3c0 4.9 2.3 9.6 6.1 12.6l360 281.1-360 281.1c-3.9 3-6.1 7.7-6.1 12.6V883c0 6.7 7.7 10.4 12.9 6.3l450.8-352.1a31.96 31.96 0 000-50.4z"
          />
        </svg>
      </span>
    </a>
  </li>
  <li
    class="ant-pagination-options"
  >
    <div
      class="ant-select ant-pagination-options-size-changer ant-select-single ant-select-show-arrow ant-select-open"
    >
      <div
        class="ant-select-selector"
      >
        <span
          class="ant-select-selection-search"
        >
          <input
            aria-activedescendant="rc_select_TEST_OR_SSR_list_0"
            aria-autocomplete="list"
            aria-controls="rc_select_TEST_OR_SSR_list"
            aria-expanded="true"
            aria-haspopup="listbox"
            aria-owns="rc_select_TEST_OR_SSR_list"
            autocomplete="off"
            class="ant-select-selection-search-input"
            id="rc_select_TEST_OR_SSR"
            readonly=""
            role="combobox"
            style="opacity: 0;"
            value=""
          />
        </span>
        <span
          class="ant-select-selection-item"
        >
          50 / page
        </span>
      </div>
      <div>
        <div
          class="ant-select-dropdown"
          style="min-width: 0; opacity: 0;"
        >
          <div>
            <div
              id="rc_select_TEST_OR_SSR_list"
              role="listbox"
              style="height: 0px; overflow: hidden;"
            >
              <div
                aria-selected="false"
                id="rc_select_TEST_OR_SSR_list_0"
                role="option"
              >
                10
              </div>
              <div
                aria-selected="false"
                id="rc_select_TEST_OR_SSR_list_1"
                role="option"
              >
                20
              </div>
            </div>
            <div
              class=""
              style="height: 256px;"
            >
              <div>
                <div
                  class=""
                  style="display: flex; flex-direction: column;"
                >
                  <div
                    aria-selected="false"
                    class="ant-select-item ant-select-item-option ant-select-item-option-active"
                  >
                    <div
                      class="ant-select-item-option-content"
                    >
                      10 / page
                    </div>
                    <span
                      aria-hidden="true"
                      class="ant-select-item-option-state"
                      style="user-select: none;"
                      unselectable="on"
                    />
                  </div>
                  <div
                    aria-selected="false"
                    class="ant-select-item ant-select-item-option"
                  >
                    <div
                      class="ant-select-item-option-content"
                    >
                      20 / page
                    </div>
                    <span
                      aria-hidden="true"
                      class="ant-select-item-option-state"
                      style="user-select: none;"
                      unselectable="on"
                    />
                  </div>
                  <div
                    aria-selected="true"
                    class="ant-select-item ant-select-item-option ant-select-item-option-selected"
                  >
                    <div
                      class="ant-select-item-option-content"
                    >
                      50 / page
                    </div>
                    <span
                      aria-hidden="true"
                      class="ant-select-item-option-state"
                      style="user-select: none;"
                      unselectable="on"
                    />
                  </div>
                  <div
                    aria-selected="false"
                    class="ant-select-item ant-select-item-option"
                  >
                    <div
                      class="ant-select-item-option-content"
                    >
                      100 / page
                    </div>
                    <span
                      aria-hidden="true"
                      class="ant-select-item-option-state"
                      style="user-select: none;"
                      unselectable="on"
                    />
                  </div>
                </div>
              </div>
            </div>
          </div>
        </div>
      </div>
      <span
        aria-hidden="true"
        class="ant-select-arrow"
        style="user-select: none;"
        unselectable="on"
      >
        <span
          aria-label="down"
          class="anticon anticon-down"
          role="img"
        >
          <svg
            aria-hidden="true"
            class=""
            data-icon="down"
            fill="currentColor"
            focusable="false"
            height="1em"
            viewBox="64 64 896 896"
            width="1em"
          >
            <path
              d="M884 256h-75c-5.1 0-9.9 2.5-12.9 6.6L512 654.2 227.9 262.6c-3-4.1-7.8-6.6-12.9-6.6h-75c-6.5 0-10.3 7.4-6.5 12.7l352.6 486.1c12.8 17.6 39 17.6 51.7 0l352.6-486.1c3.9-5.3.1-12.7-6.4-12.7z"
            />
          </svg>
        </span>
      </span>
      <div
        style="position: absolute; top: 0px; left: 0px; width: 100%;"
      />
      <div
        style="position: absolute; top: 0px; left: 0px; width: 100%;"
      />
      <div
        style="position: absolute; top: 0px; left: 0px; width: 100%;"
      />
      <div
        style="position: absolute; top: 0px; left: 0px; width: 100%;"
      />
      <div
        style="position: absolute; top: 0px; left: 0px; width: 100%;"
      />
    </div>
  </li>
</ul>
`;

exports[`List.pagination should default work 1`] = `
<ul
  class="ant-pagination"
  unselectable="unselectable"
>
  <li
    aria-disabled="false"
    class="ant-pagination-prev"
    tabindex="0"
    title="Previous Page"
  >
    <a
      class="ant-pagination-item-link"
    >
      <span
        aria-label="left"
        class="anticon anticon-left"
        role="img"
      >
        <svg
          aria-hidden="true"
          class=""
          data-icon="left"
          fill="currentColor"
          focusable="false"
          height="1em"
          viewBox="64 64 896 896"
          width="1em"
        >
          <path
            d="M724 218.3V141c0-6.7-7.7-10.4-12.9-6.3L260.3 486.8a31.86 31.86 0 000 50.3l450.8 352.1c5.3 4.1 12.9.4 12.9-6.3v-77.3c0-4.9-2.3-9.6-6.1-12.6l-360-281 360-281.1c3.8-3 6.1-7.7 6.1-12.6z"
          />
        </svg>
      </span>
    </a>
  </li>
  <li
    class="ant-pagination-item ant-pagination-item-1"
    tabindex="0"
    title="1"
  >
    <a>
      1
    </a>
  </li>
  <li
    class="ant-pagination-item ant-pagination-item-2 ant-pagination-item-active"
    tabindex="0"
    title="2"
  >
    <a>
      2
    </a>
  </li>
  <li
    aria-disabled="true"
    class="ant-pagination-next ant-pagination-disabled"
    title="Next Page"
  >
    <a
      class="ant-pagination-item-link"
      disabled=""
    >
      <span
        aria-label="right"
        class="anticon anticon-right"
        role="img"
      >
        <svg
          aria-hidden="true"
          class=""
          data-icon="right"
          fill="currentColor"
          focusable="false"
          height="1em"
          viewBox="64 64 896 896"
          width="1em"
        >
          <path
            d="M765.7 486.8L314.9 134.7A7.97 7.97 0 00302 141v77.3c0 4.9 2.3 9.6 6.1 12.6l360 281.1-360 281.1c-3.9 3-6.1 7.7-6.1 12.6V883c0 6.7 7.7 10.4 12.9 6.3l450.8-352.1a31.96 31.96 0 000-50.4z"
          />
        </svg>
      </span>
    </a>
  </li>
  <li
    class="ant-pagination-options"
  >
    <div
      class="ant-select ant-pagination-options-size-changer ant-select-single ant-select-show-arrow"
    >
      <div
        class="ant-select-selector"
      >
        <span
          class="ant-select-selection-search"
        >
          <input
            aria-activedescendant="rc_select_TEST_OR_SSR_list_0"
            aria-autocomplete="list"
            aria-controls="rc_select_TEST_OR_SSR_list"
            aria-haspopup="listbox"
            aria-owns="rc_select_TEST_OR_SSR_list"
            autocomplete="off"
            class="ant-select-selection-search-input"
            id="rc_select_TEST_OR_SSR"
            readonly=""
            role="combobox"
            style="opacity: 0;"
            value=""
          />
        </span>
        <span
          class="ant-select-selection-item"
        >
          3 / page
        </span>
      </div>
      <span
        aria-hidden="true"
        class="ant-select-arrow"
        style="user-select: none;"
        unselectable="on"
      >
        <span
          aria-label="down"
          class="anticon anticon-down"
          role="img"
        >
          <svg
            aria-hidden="true"
            class=""
            data-icon="down"
            fill="currentColor"
            focusable="false"
            height="1em"
            viewBox="64 64 896 896"
            width="1em"
          >
            <path
              d="M884 256h-75c-5.1 0-9.9 2.5-12.9 6.6L512 654.2 227.9 262.6c-3-4.1-7.8-6.6-12.9-6.6h-75c-6.5 0-10.3 7.4-6.5 12.7l352.6 486.1c12.8 17.6 39 17.6 51.7 0l352.6-486.1c3.9-5.3.1-12.7-6.4-12.7z"
            />
          </svg>
        </span>
      </span>
    </div>
  </li>
</ul>
`;
