// Jest Snapshot v1, https://goo.gl/fbAQLP

exports[`tests/public/SchemaParser/p0-basics should be able to get dependencies in slots 1`] = `
Array [
  Array [
    Object {
      "componentName": "Page",
      "dependencyType": "External",
      "destructuring": false,
      "devMode": "lowcode",
      "exportName": "Page",
      "version": "*",
    },
    Object {
      "componentName": "Modal",
      "dependencyType": "External",
      "destructuring": true,
      "exportName": "Modal",
      "main": "dist/antd-lowcode.esm.js",
      "package": "@ali/antd-lowcode-materials",
      "version": "0.11.0",
    },
    Object {
      "componentName": "AliAutoDivDefault",
      "dependencyType": "External",
      "destructuring": true,
      "exportName": "AliAutoDiv",
      "main": "build/lowcode/index.js",
      "package": "@alife/mc-assets-1935",
      "subName": "default",
      "version": "0.1.43",
    },
    Object {
      "componentName": "Button",
      "dependencyType": "External",
      "destructuring": true,
      "exportName": "Button",
      "main": "dist/antd-lowcode.esm.js",
      "package": "@ali/antd-lowcode-materials",
      "version": "0.11.0",
    },
    Object {
      "componentName": "Typography.Text",
      "dependencyType": "External",
      "destructuring": true,
      "exportName": "Typography",
      "main": "dist/antd-lowcode.esm.js",
      "package": "@ali/antd-lowcode-materials",
      "subName": "Text",
      "version": "0.11.0",
    },
    Object {
      "componentName": "Typography.Link",
      "dependencyType": "External",
      "destructuring": true,
      "exportName": "Typography",
      "main": "dist/antd-lowcode.esm.js",
      "package": "@ali/antd-lowcode-materials",
      "subName": "Link",
      "version": "0.11.0",
    },
    Object {
      "componentName": "NextPage",
      "dependencyType": "External",
      "destructuring": true,
      "exportName": "Page",
      "main": "lib/index.js",
      "package": "@alife/container",
      "subName": "",
      "version": "0.3.7",
    },
    Object {
      "componentName": "NextBlock",
      "dependencyType": "External",
      "destructuring": true,
      "exportName": "Block",
      "main": "lib/index.js",
      "package": "@alife/container",
      "subName": "",
      "version": "0.3.7",
    },
    Object {
      "componentName": "NextBlockCell",
      "dependencyType": "External",
      "destructuring": true,
      "exportName": "Block",
      "main": "lib/index.js",
      "package": "@alife/container",
      "subName": "Cell",
      "version": "0.3.7",
    },
    Object {
      "componentName": "NextP",
      "dependencyType": "External",
      "destructuring": true,
      "exportName": "P",
      "main": "lib/index.js",
      "package": "@alife/container",
      "subName": "",
      "version": "0.3.7",
    },
    Object {
      "componentName": "Form",
      "dependencyType": "External",
      "destructuring": true,
      "exportName": "Form",
      "main": "dist/antd-lowcode.esm.js",
      "package": "@ali/antd-lowcode-materials",
      "version": "0.11.0",
    },
    Object {
      "componentName": "Form.Item",
      "dependencyType": "External",
      "destructuring": true,
      "exportName": "Form",
      "main": "dist/antd-lowcode.esm.js",
      "package": "@ali/antd-lowcode-materials",
      "subName": "Item",
      "version": "0.11.0",
    },
    Object {
      "componentName": "Select",
      "dependencyType": "External",
      "destructuring": true,
      "exportName": "Select",
      "main": "dist/antd-lowcode.esm.js",
      "package": "@ali/antd-lowcode-materials",
      "version": "0.11.0",
    },
    Object {
      "componentName": "Input",
      "dependencyType": "External",
      "destructuring": true,
      "exportName": "Input",
      "main": "dist/antd-lowcode.esm.js",
      "package": "@ali/antd-lowcode-materials",
      "version": "0.11.0",
    },
    Object {
      "componentName": "AliAutoSearchTableDefault",
      "dependencyType": "External",
      "destructuring": true,
      "exportName": "AliAutoSearchTable",
      "main": "build/lowcode/index.js",
      "package": "@alife/mc-assets-1935",
      "subName": "default",
      "version": "0.1.43",
    },
    Object {
      "componentName": "Tooltip",
      "dependencyType": "External",
      "destructuring": true,
      "exportName": "Tooltip",
      "main": "dist/antd-lowcode.esm.js",
      "package": "@ali/antd-lowcode-materials",
      "version": "0.11.0",
    },
    Object {
      "componentName": "Icon",
      "dependencyType": "External",
      "destructuring": true,
      "exportName": "Icon",
      "main": "dist/antd-lowcode.esm.js",
      "package": "@ali/antd-lowcode-materials",
      "version": "0.11.0",
    },
    Object {
      "componentName": "Empty",
      "dependencyType": "External",
      "destructuring": true,
      "exportName": "Empty",
      "main": "dist/antd-lowcode.esm.js",
      "package": "@ali/antd-lowcode-materials",
      "version": "0.11.0",
    },
  ],
]
`;
